// Jest Snapshot v1, https://goo.gl/fbAQLP

exports[`test Note Taker 1`] = `
<NoteTaker
  classes={
    Object {
      "absolute": "NoteTaker-absolute-2",
      "fab": "NoteTaker-fab-1",
    }
  }
/>
`;

exports[`test welcome page 1`] = `
<NoteTaker
  classes={
    Object {
      "absolute": "NoteTaker-absolute-2",
      "fab": "NoteTaker-fab-1",
    }
  }
/>
`;
